16,24,1,24,1,
16,24,1,24,1,
1,1,1,3,3,
3,3,24,3,3,
3,3,3,3,3,

16,24,24,12,24,
1,24,1,24,1,
1,1,1,24,1,
3,3,24,3,3,
3,3,3,3,24,

1,12,12,12,12,
1,12,1,24,12,
1,24,24,24,1,
1,1,24,24,1,
3,3,1,1,24,

12,12,12,12,12,
12,12,12,12,12,
1,12,24,24,12,
1,24,12,24,12,
1,1,1,1,24,

12,12,12,12,12,
12,12,12,12,12,
12,12,12,12,12,
3,12,12,12,12,
3,3,1,1,12,

