3,3,3,3,3,
12,12,12,12,12,
1,24,1,1,1,
1,24,24,1,1,
1,1,1,1,1,

3,3,3,3,3,
12,12,12,12,12,
12,12,12,24,24,
1,24,24,1,1,
1,1,1,1,1,

9,9,9,9,9,
12,12,12,12,12,
12,12,12,12,12,
1,24,24,1,1,
1,1,1,1,1,

9,9,9,9,9,
12,12,12,12,12,
12,12,12,12,12,
12,12,12,1,24,
1,1,1,1,1,

9,9,9,9,9,
9,9,9,9,9,
12,12,12,12,12,
12,12,12,12,12,
12,1,1,1,1,

