Connected.
I have spawned, killing myself.
Dead, respawning.
I have respawned.
